%!Adobe-FontList 1.14
%Locale:0x804

%BeginFont
Handler:DirectoryHandler
FontType:Invalid
OutlineFileName:C:\Users\Just Do It\Desktop\Font\audiojs.swf
FileModTime:1321587178
%EndFont

%BeginFont
Handler:DirectoryHandler
FontType:Invalid
OutlineFileName:C:\Users\Just Do It\Desktop\Font\eee.html
FileModTime:1392011213
%EndFont

%BeginFont
Handler:DirectoryHandler
FontType:Invalid
OutlineFileName:C:\Users\Just Do It\Desktop\Font\resume-icons.psd
FileModTime:1392195510
%EndFont

%BeginFont
Handler:DirectoryHandler
FontType:Invalid
OutlineFileName:C:\Users\Just Do It\Desktop\Font\text.html
FileModTime:1392967222
%EndFont

%BeginFont
Handler:DirectoryHandler
FontType:Invalid
OutlineFileName:C:\Users\Just Do It\Desktop\Font\text.html.bak
FileModTime:1392605389
%EndFont

%BeginFont
Handler:DirectoryHandler
FontType:Invalid
OutlineFileName:C:\Users\Just Do It\Desktop\Font\陌生人.mp3
FileModTime:1316479065
%EndFont

%BeginFont
Handler:DirectoryHandler
FontType:Invalid
OutlineFileName:C:\Users\Just Do It\Desktop\Font\js\audio.min.js
FileModTime:1321587198
%EndFont

%BeginFont
Handler:DirectoryHandler
FontType:Invalid
OutlineFileName:C:\Users\Just Do It\Desktop\Font\js\comm.js
FileModTime:1392967398
%EndFont

%BeginFont
Handler:DirectoryHandler
FontType:Invalid
OutlineFileName:C:\Users\Just Do It\Desktop\Font\js\player-graphics.gif
FileModTime:1305704716
%EndFont

%BeginFont
Handler:DirectoryHandler
FontType:Invalid
OutlineFileName:C:\Users\Just Do It\Desktop\Font\images\1.jpg
FileModTime:1293011386
%EndFont

%BeginFont
Handler:DirectoryHandler
FontType:Invalid
OutlineFileName:C:\Users\Just Do It\Desktop\Font\images\2.jpg
FileModTime:1291364934
%EndFont

%BeginFont
Handler:DirectoryHandler
FontType:Invalid
OutlineFileName:C:\Users\Just Do It\Desktop\Font\images\3.jpg
FileModTime:1299916062
%EndFont

%BeginFont
Handler:DirectoryHandler
FontType:Invalid
OutlineFileName:C:\Users\Just Do It\Desktop\Font\images\4.jpg
FileModTime:1294307218
%EndFont

%BeginFont
Handler:DirectoryHandler
FontType:Invalid
OutlineFileName:C:\Users\Just Do It\Desktop\Font\images\aoubt.psd
FileModTime:1392195513
%EndFont

%BeginFont
Handler:DirectoryHandler
FontType:Invalid
OutlineFileName:C:\Users\Just Do It\Desktop\Font\images\close.png
FileModTime:1392362049
%EndFont

%BeginFont
Handler:DirectoryHandler
FontType:Invalid
OutlineFileName:C:\Users\Just Do It\Desktop\Font\images\fix-right.gif
FileModTime:1392018075
%EndFont

%BeginFont
Handler:DirectoryHandler
FontType:Invalid
OutlineFileName:C:\Users\Just Do It\Desktop\Font\images\icons.gif
FileModTime:1388971272
%EndFont

%BeginFont
Handler:DirectoryHandler
FontType:Invalid
OutlineFileName:C:\Users\Just Do It\Desktop\Font\images\icons.png
FileModTime:1392017549
%EndFont

%BeginFont
Handler:DirectoryHandler
FontType:Invalid
OutlineFileName:C:\Users\Just Do It\Desktop\Font\images\mac-close.png
FileModTime:1392368740
%EndFont

%BeginFont
Handler:DirectoryHandler
FontType:Invalid
OutlineFileName:C:\Users\Just Do It\Desktop\Font\images\mac.jpg
FileModTime:1392372050
%EndFont

%BeginFont
Handler:DirectoryHandler
FontType:Invalid
OutlineFileName:C:\Users\Just Do It\Desktop\Font\images\mac1.jpg
FileModTime:1392372061
%EndFont

%BeginFont
Handler:DirectoryHandler
FontType:Invalid
OutlineFileName:C:\Users\Just Do It\Desktop\Font\images\metro-ico.png
FileModTime:1392275305
%EndFont

%BeginFont
Handler:DirectoryHandler
FontType:Invalid
OutlineFileName:C:\Users\Just Do It\Desktop\Font\images\metro-ico.psd
FileModTime:1392275306
%EndFont

%BeginFont
Handler:DirectoryHandler
FontType:Invalid
OutlineFileName:C:\Users\Just Do It\Desktop\Font\images\resume-i-pic.png
FileModTime:1392107327
%EndFont

%BeginFont
Handler:DirectoryHandler
FontType:Invalid
OutlineFileName:C:\Users\Just Do It\Desktop\Font\images\resume-icons.png
FileModTime:1392194045
%EndFont

%BeginFont
Handler:DirectoryHandler
FontType:Invalid
OutlineFileName:C:\Users\Just Do It\Desktop\Font\images\search.png
FileModTime:1390465566
%EndFont

%BeginFont
Handler:DirectoryHandler
FontType:Invalid
OutlineFileName:C:\Users\Just Do It\Desktop\Font\images\share.png
FileModTime:1390445646
%EndFont

%BeginFont
Handler:DirectoryHandler
FontType:Invalid
OutlineFileName:C:\Users\Just Do It\Desktop\Font\images\snow.png
FileModTime:1391933321
%EndFont

%BeginFont
Handler:DirectoryHandler
FontType:Invalid
OutlineFileName:C:\Users\Just Do It\Desktop\Font\images\swt.gif
FileModTime:1392948526
%EndFont

%BeginFont
Handler:DirectoryHandler
FontType:Invalid
OutlineFileName:C:\Users\Just Do It\Desktop\Font\images\transparent.gif
FileModTime:1388971135
%EndFont

%BeginFont
Handler:DirectoryHandler
FontType:Invalid
OutlineFileName:C:\Users\Just Do It\Desktop\Font\images\UI-Icons.psd
FileModTime:1391767033
%EndFont

%BeginFont
Handler:DirectoryHandler
FontType:Invalid
OutlineFileName:C:\Users\Just Do It\Desktop\Font\images\userpic.png
FileModTime:1391931821
%EndFont

%BeginFont
Handler:DirectoryHandler
FontType:Invalid
OutlineFileName:C:\Users\Just Do It\Desktop\Font\images\pic\pic_01.jpg
FileModTime:1309138344
%EndFont

%BeginFont
Handler:DirectoryHandler
FontType:Invalid
OutlineFileName:C:\Users\Just Do It\Desktop\Font\images\pic\pic_02.png
FileModTime:1307269722
%EndFont

%BeginFont
Handler:DirectoryHandler
FontType:Invalid
OutlineFileName:C:\Users\Just Do It\Desktop\Font\images\pic\pic_03.jpg
FileModTime:1300955082
%EndFont

%BeginFont
Handler:DirectoryHandler
FontType:Invalid
OutlineFileName:C:\Users\Just Do It\Desktop\Font\images\pic\pic_04.jpg
FileModTime:1299916062
%EndFont

%BeginFont
Handler:DirectoryHandler
FontType:Invalid
OutlineFileName:C:\Users\Just Do It\Desktop\Font\images\pic\pic_05.jpg
FileModTime:1311988446
%EndFont

%BeginFont
Handler:DirectoryHandler
FontType:Invalid
OutlineFileName:C:\Users\Just Do It\Desktop\Font\images\pic\pic_06.jpg
FileModTime:1294793356
%EndFont

%BeginFont
Handler:DirectoryHandler
FontType:Invalid
OutlineFileName:C:\Users\Just Do It\Desktop\Font\images\pic\pic_07.jpg
FileModTime:1306558864
%EndFont

%BeginFont
Handler:DirectoryHandler
FontType:Invalid
OutlineFileName:C:\Users\Just Do It\Desktop\Font\images\pic\pic_08.png
FileModTime:1307269686
%EndFont

%BeginFont
Handler:DirectoryHandler
FontType:Invalid
OutlineFileName:C:\Users\Just Do It\Desktop\Font\images\pic\pic_09.png
FileModTime:1323962662
%EndFont

%BeginFont
Handler:DirectoryHandler
FontType:Invalid
OutlineFileName:C:\Users\Just Do It\Desktop\Font\images\pic\pic_10.jpg
FileModTime:1307165058
%EndFont

%BeginFont
Handler:DirectoryHandler
FontType:Invalid
OutlineFileName:C:\Users\Just Do It\Desktop\Font\images\pic\pic_11.jpg
FileModTime:1311922524
%EndFont

%BeginFont
Handler:DirectoryHandler
FontType:Invalid
OutlineFileName:C:\Users\Just Do It\Desktop\Font\images\pic\pic_12.png
FileModTime:1307269656
%EndFont

%BeginFont
Handler:DirectoryHandler
FontType:Invalid
OutlineFileName:C:\Users\Just Do It\Desktop\Font\font\myriadprolight.eot
FileModTime:1391761221
%EndFont

%BeginFont
Handler:DirectoryHandler
FontType:Invalid
OutlineFileName:C:\Users\Just Do It\Desktop\Font\font\myriadprolight.svg
FileModTime:1391761264
%EndFont

%BeginFont
Handler:DirectoryHandler
FontType:TrueType
FontName:MyriadPro-Light
FamilyName:Myriad Pro
StyleName:Light
FullName:MyriadPro-Light
MenuName:Myriad Pro Light
StyleBits:0
WritingScript:Roman
OutlineFileName:C:\Users\Just Do It\Desktop\Font\font\myriadprolight.ttf
DataFormat:sfntData
FileLength:106148
FileModTime:1391761242
WeightClass:300
WidthClass:5
AngleClass:0
%EndFont

%BeginFont
Handler:DirectoryHandler
FontType:Invalid
OutlineFileName:C:\Users\Just Do It\Desktop\Font\font\myriadprolight.woff
FileModTime:1391761235
%EndFont

%BeginFont
Handler:DirectoryHandler
FontType:Invalid
OutlineFileName:C:\Users\Just Do It\Desktop\Font\css\css.css
FileModTime:1392967513
%EndFont

